// Jest Snapshot v1, https://goo.gl/fbAQLP

exports[`Nav snapshot 1`] = `
Object {
  "asFragment": [Function],
  "baseElement": <body>
    <div>
      <div
        class="navbar bg-primary text-base-100"
      >
        <nav
          class="flex-1"
        >
          <ul
            class="flex gap-2"
          >
            <li>
              <a
                class="btn btn-link text-base-100 no-underline"
                href="/"
              >
                Home
              </a>
            </li>
            <li>
              <a
                class="btn btn-link text-base-100 no-underline"
                href="/leaderboard"
              >
                Leaderboard
              </a>
            </li>
            <li>
              <a
                class="btn btn-link text-base-100 no-underline"
                href="/add"
              >
                New
              </a>
            </li>
          </ul>
        </nav>
        <div
          class="flex gap-4"
        >
          <div
            class="avatar"
          >
            <div
              class="w-10 rounded-full ring ring-primary ring-offset-base-100 ring-offset-2"
            >
              <img
                alt="Sarah Edo"
                src="sarahedo.jpg"
              />
            </div>
          </div>
          <p>
            Sarah Edo
          </p>
          <button
            class="btn btn-sm bg-base-100"
          >
            Logout
          </button>
        </div>
      </div>
    </div>
  </body>,
  "container": <div>
    <div
      class="navbar bg-primary text-base-100"
    >
      <nav
        class="flex-1"
      >
        <ul
          class="flex gap-2"
        >
          <li>
            <a
              class="btn btn-link text-base-100 no-underline"
              href="/"
            >
              Home
            </a>
          </li>
          <li>
            <a
              class="btn btn-link text-base-100 no-underline"
              href="/leaderboard"
            >
              Leaderboard
            </a>
          </li>
          <li>
            <a
              class="btn btn-link text-base-100 no-underline"
              href="/add"
            >
              New
            </a>
          </li>
        </ul>
      </nav>
      <div
        class="flex gap-4"
      >
        <div
          class="avatar"
        >
          <div
            class="w-10 rounded-full ring ring-primary ring-offset-base-100 ring-offset-2"
          >
            <img
              alt="Sarah Edo"
              src="sarahedo.jpg"
            />
          </div>
        </div>
        <p>
          Sarah Edo
        </p>
        <button
          class="btn btn-sm bg-base-100"
        >
          Logout
        </button>
      </div>
    </div>
  </div>,
  "debug": [Function],
  "findAllByAltText": [Function],
  "findAllByDisplayValue": [Function],
  "findAllByLabelText": [Function],
  "findAllByPlaceholderText": [Function],
  "findAllByRole": [Function],
  "findAllByTestId": [Function],
  "findAllByText": [Function],
  "findAllByTitle": [Function],
  "findByAltText": [Function],
  "findByDisplayValue": [Function],
  "findByLabelText": [Function],
  "findByPlaceholderText": [Function],
  "findByRole": [Function],
  "findByTestId": [Function],
  "findByText": [Function],
  "findByTitle": [Function],
  "getAllByAltText": [Function],
  "getAllByDisplayValue": [Function],
  "getAllByLabelText": [Function],
  "getAllByPlaceholderText": [Function],
  "getAllByRole": [Function],
  "getAllByTestId": [Function],
  "getAllByText": [Function],
  "getAllByTitle": [Function],
  "getByAltText": [Function],
  "getByDisplayValue": [Function],
  "getByLabelText": [Function],
  "getByPlaceholderText": [Function],
  "getByRole": [Function],
  "getByTestId": [Function],
  "getByText": [Function],
  "getByTitle": [Function],
  "queryAllByAltText": [Function],
  "queryAllByDisplayValue": [Function],
  "queryAllByLabelText": [Function],
  "queryAllByPlaceholderText": [Function],
  "queryAllByRole": [Function],
  "queryAllByTestId": [Function],
  "queryAllByText": [Function],
  "queryAllByTitle": [Function],
  "queryByAltText": [Function],
  "queryByDisplayValue": [Function],
  "queryByLabelText": [Function],
  "queryByPlaceholderText": [Function],
  "queryByRole": [Function],
  "queryByTestId": [Function],
  "queryByText": [Function],
  "queryByTitle": [Function],
  "rerender": [Function],
  "unmount": [Function],
}
`;
